1:1 OPERATION +
1:3 OPERATION -
1:5 OPERATION *
1:7 OPERATION /
1:9 OPERATION [
1:11 OPERATION ]
1:13 OPERATION (
1:15 OPERATION )
1:17 OPERATION @
1:19 OPERATION ^
1:21 OPERATION .
1:23 DELIMITER ,
1:25 DELIMITER :
1:27 DELIMITER ;
1:29 OPERATION >
1:31 OPERATION <
2:1 RESERVED_WORD ..
2:4 OPERATION :=
2:7 OPERATION <>
2:10 OPERATION >=
2:13 OPERATION <=
2:15 END_OF_FILE 