1:1 REAL_CONST 123.
1:6 REAL_CONST 123.
1:10 END_OF_FILE 