1:1 OPERATION -
1:2 OPERATION +
1:3 OPERATION -
1:4 REAL_CONST 123.
1:8 END_OF_FILE 