1:2 IDENTIFIER a
1:4 OPERATION :=
1:7 INT_CONST 5
1:9 OPERATION div
1:13 INT_CONST 7
1:15 OPERATION -
1:17 INT_CONST 4
1:19 OPERATION +
1:20 OPERATION -
1:21 INT_CONST 3
1:22 OPERATION *
1:23 INT_CONST 6
1:24 OPERATION mod
1:28 INT_CONST 89
1:30 DELIMITER ;
2:1 END_OF_FILE 