1:1 RESERVED_WORD Program
1:9 IDENTIFIER xyz
1:12 DELIMITER ;
2:1 RESERVED_WORD var
2:28 IDENTIFIER i
2:29 DELIMITER :
2:31 IDENTIFIER Integer
2:38 DELIMITER ;
3:2 IDENTIFIER x
3:3 DELIMITER ,
3:4 IDENTIFIER y
3:5 DELIMITER ,
3:6 IDENTIFIER z
3:7 DELIMITER :
3:9 IDENTIFIER Real
4:1 DELIMITER ;
5:1 RESERVED_WORD begin
10:1 RESERVED_WORD end
10:4 OPERATION .
10:5 END_OF_FILE 